Archive member included to satisfy reference by file (symbol)

e:/st/stm32cubeide_1.7.0/stm32cubeide/plugins/com.st.stm32cube.ide.mcu.externaltools.gnu-tools-for-stm32.9-2020-q2-update.win32_2.0.0.202105311346/tools/bin/../lib/gcc/arm-none-eabi/9.3.1/../../../../arm-none-eabi/lib/thumb/v7-m/nofp\libc_nano.a(lib_a-errno.o)
                              ./Core/Src/syscalls.o (__errno)
e:/st/stm32cubeide_1.7.0/stm32cubeide/plugins/com.st.stm32cube.ide.mcu.externaltools.gnu-tools-for-stm32.9-2020-q2-update.win32_2.0.0.202105311346/tools/bin/../lib/gcc/arm-none-eabi/9.3.1/../../../../arm-none-eabi/lib/thumb/v7-m/nofp\libc_nano.a(lib_a-exit.o)
                              e:/st/stm32cubeide_1.7.0/stm32cubeide/plugins/com.st.stm32cube.ide.mcu.externaltools.gnu-tools-for-stm32.9-2020-q2-update.win32_2.0.0.202105311346/tools/bin/../lib/gcc/arm-none-eabi/9.3.1/../../../../arm-none-eabi/lib/thumb/v7-m/nofp/crt0.o (exit)
e:/st/stm32cubeide_1.7.0/stm32cubeide/plugins/com.st.stm32cube.ide.mcu.externaltools.gnu-tools-for-stm32.9-2020-q2-update.win32_2.0.0.202105311346/tools/bin/../lib/gcc/arm-none-eabi/9.3.1/../../../../arm-none-eabi/lib/thumb/v7-m/nofp\libc_nano.a(lib_a-impure.o)
                              e:/st/stm32cubeide_1.7.0/stm32cubeide/plugins/com.st.stm32cube.ide.mcu.externaltools.gnu-tools-for-stm32.9-2020-q2-update.win32_2.0.0.202105311346/tools/bin/../lib/gcc/arm-none-eabi/9.3.1/../../../../arm-none-eabi/lib/thumb/v7-m/nofp\libc_nano.a(lib_a-exit.o) (_global_impure_ptr)
e:/st/stm32cubeide_1.7.0/stm32cubeide/plugins/com.st.stm32cube.ide.mcu.externaltools.gnu-tools-for-stm32.9-2020-q2-update.win32_2.0.0.202105311346/tools/bin/../lib/gcc/arm-none-eabi/9.3.1/../../../../arm-none-eabi/lib/thumb/v7-m/nofp\libc_nano.a(lib_a-init.o)
                              e:/st/stm32cubeide_1.7.0/stm32cubeide/plugins/com.st.stm32cube.ide.mcu.externaltools.gnu-tools-for-stm32.9-2020-q2-update.win32_2.0.0.202105311346/tools/bin/../lib/gcc/arm-none-eabi/9.3.1/../../../../arm-none-eabi/lib/thumb/v7-m/nofp/crt0.o (__libc_init_array)
e:/st/stm32cubeide_1.7.0/stm32cubeide/plugins/com.st.stm32cube.ide.mcu.externaltools.gnu-tools-for-stm32.9-2020-q2-update.win32_2.0.0.202105311346/tools/bin/../lib/gcc/arm-none-eabi/9.3.1/../../../../arm-none-eabi/lib/thumb/v7-m/nofp\libc_nano.a(lib_a-memset.o)
                              e:/st/stm32cubeide_1.7.0/stm32cubeide/plugins/com.st.stm32cube.ide.mcu.externaltools.gnu-tools-for-stm32.9-2020-q2-update.win32_2.0.0.202105311346/tools/bin/../lib/gcc/arm-none-eabi/9.3.1/../../../../arm-none-eabi/lib/thumb/v7-m/nofp/crt0.o (memset)

Allocating common symbols
Common symbol       size              file

timer_counter       0x28              ./Core/Src/button.o
uwTick              0x4               ./Drivers/STM32F1xx_HAL_Driver/Src/stm32f1xx_hal.o
pFlash              0x20              ./Drivers/STM32F1xx_HAL_Driver/Src/stm32f1xx_hal_flash.o
button_flag         0x28              ./Core/Src/button.o
timer_flag          0x28              ./Core/Src/software_timer.o
htim2               0x48              ./Core/Src/main.o

Discarded input sections

 .text          0x0000000000000000        0x0 e:/st/stm32cubeide_1.7.0/stm32cubeide/plugins/com.st.stm32cube.ide.mcu.externaltools.gnu-tools-for-stm32.9-2020-q2-update.win32_2.0.0.202105311346/tools/bin/../lib/gcc/arm-none-eabi/9.3.1/thumb/v7-m/nofp/crti.o
 .data          0x0000000000000000        0x0 e:/st/stm32cubeide_1.7.0/stm32cubeide/plugins/com.st.stm32cube.ide.mcu.externaltools.gnu-tools-for-stm32.9-2020-q2-update.win32_2.0.0.202105311346/tools/bin/../lib/gcc/arm-none-eabi/9.3.1/thumb/v7-m/nofp/crti.o
 .bss           0x0000000000000000        0x0 e:/st/stm32cubeide_1.7.0/stm32cubeide/plugins/com.st.stm32cube.ide.mcu.externaltools.gnu-tools-for-stm32.9-2020-q2-update.win32_2.0.0.202105311346/tools/bin/../lib/gcc/arm-none-eabi/9.3.1/thumb/v7-m/nofp/crti.o
 .data          0x0000000000000000        0x4 e:/st/stm32cubeide_1.7.0/stm32cubeide/plugins/com.st.stm32cube.ide.mcu.externaltools.gnu-tools-for-stm32.9-2020-q2-update.win32_2.0.0.202105311346/tools/bin/../lib/gcc/arm-none-eabi/9.3.1/thumb/v7-m/nofp/crtbegin.o
 .text          0x0000000000000000       0x7c e:/st/stm32cubeide_1.7.0/stm32cubeide/plugins/com.st.stm32cube.ide.mcu.externaltools.gnu-tools-for-stm32.9-2020-q2-update.win32_2.0.0.202105311346/tools/bin/../lib/gcc/arm-none-eabi/9.3.1/../../../../arm-none-eabi/lib/thumb/v7-m/nofp/crt0.o
 .data          0x0000000000000000        0x0 e:/st/stm32cubeide_1.7.0/stm32cubeide/plugins/com.st.stm32cube.ide.mcu.externaltools.gnu-tools-for-stm32.9-2020-q2-update.win32_2.0.0.202105311346/tools/bin/../lib/gcc/arm-none-eabi/9.3.1/../../../../arm-none-eabi/lib/thumb/v7-m/nofp/crt0.o
[...]
Memory Configuration

Name             Origin             Length             Attributes
RAM              0x0000000020000000 0x0000000000002800 xrw
FLASH            0x0000000008000000 0x0000000000008000 xr
*default*        0x0000000000000000 0xffffffffffffffff

Linker script and memory map

LOAD e:/st/stm32cubeide_1.7.0/stm32cubeide/plugins/com.st.stm32cube.ide.mcu.externaltools.gnu-tools-for-stm32.9-2020-q2-update.win32_2.0.0.202105311346/tools/bin/../lib/gcc/arm-none-eabi/9.3.1/thumb/v7-m/nofp/crti.o
LOAD e:/st/stm32cubeide_1.7.0/stm32cubeide/plugins/com.st.stm32cube.ide.mcu.externaltools.gnu-tools-for-stm32.9-2020-q2-update.win32_2.0.0.202105311346/tools/bin/../lib/gcc/arm-none-eabi/9.3.1/thumb/v7-m/nofp/crtbegin.o
LOAD e:/st/stm32cubeide_1.7.0/stm32cubeide/plugins/com.st.stm32cube.ide.mcu.externaltools.gnu-tools-for-stm32.9-2020-q2-update.win32_2.0.0.202105311346/tools/bin/../lib/gcc/arm-none-eabi/9.3.1/../../../../arm-none-eabi/lib/thumb/v7-m/nofp/crt0.o
LOAD ./Core/Src/button.o
LOAD ./Core/Src/fsm_automatic.o
LOAD ./Core/Src/fsm_manual.o
LOAD ./Core/Src/fsm_setting.o
LOAD ./Core/Src/global.o
LOAD ./Core/Src/led7_segment.o
LOAD ./Core/Src/main.o
LOAD ./Core/Src/software_timer.o
LOAD ./Core/Src/stm32f1xx_hal_msp.o
LOAD ./Core/Src/stm32f1xx_it.o
LOAD ./Core/Src/syscalls.o
LOAD ./Core/Src/sysmem.o
LOAD ./Core/Src/system_stm32f1xx.o
LOAD ./Core/Src/traffic_light.o
LOAD ./Core/Startup/startup_stm32f103c6ux.o
LOAD ./Drivers/STM32F1xx_HAL_Driver/Src/stm32f1xx_hal.o
LOAD ./Drivers/STM32F1xx_HAL_Driver/Src/stm32f1xx_hal_cortex.o
LOAD ./Drivers/STM32F1xx_HAL_Driver/Src/stm32f1xx_hal_dma.o
LOAD ./Drivers/STM32F1xx_HAL_Driver/Src/stm32f1xx_hal_exti.o
LOAD ./Drivers/STM32F1xx_HAL_Driver/Src/stm32f1xx_hal_flash.o
LOAD ./Drivers/STM32F1xx_HAL_Driver/Src/stm32f1xx_hal_flash_ex.o
LOAD ./Drivers/STM32F1xx_HAL_Driver/Src/stm32f1xx_hal_gpio.o
LOAD ./Drivers/STM32F1xx_HAL_Driver/Src/stm32f1xx_hal_gpio_ex.o
LOAD ./Drivers/STM32F1xx_HAL_Driver/Src/stm32f1xx_hal_pwr.o
LOAD ./Drivers/STM32F1xx_HAL_Driver/Src/stm32f1xx_hal_rcc.o
LOAD ./Drivers/STM32F1xx_HAL_Driver/Src/stm32f1xx_hal_rcc_ex.o
LOAD ./Drivers/STM32F1xx_HAL_Driver/Src/stm32f1xx_hal_tim.o
LOAD ./Drivers/STM32F1xx_HAL_Driver/Src/stm32f1xx_hal_tim_ex.o
START GROUP
LOAD e:/st/stm32cubeide_1.7.0/stm32cubeide/plugins/com.st.stm32cube.ide.mcu.externaltools.gnu-tools-for-stm32.9-2020-q2-update.win32_2.0.0.202105311346/tools/bin/../lib/gcc/arm-none-eabi/9.3.1/../../../../arm-none-eabi/lib/thumb/v7-m/nofp\libc_nano.a
LOAD e:/st/stm32cubeide_1.7.0/stm32cubeide/plugins/com.st.stm32cube.ide.mcu.externaltools.gnu-tools-for-stm32.9-2020-q2-update.win32_2.0.0.202105311346/tools/bin/../lib/gcc/arm-none-eabi/9.3.1/../../../../arm-none-eabi/lib/thumb/v7-m/nofp\libm.a
END GROUP
START GROUP
LOAD e:/st/stm32cubeide_1.7.0/stm32cubeide/plugins/com.st.stm32cube.ide.mcu.externaltools.gnu-tools-for-stm32.9-2020-q2-update.win32_2.0.0.202105311346/tools/bin/../lib/gcc/arm-none-eabi/9.3.1/thumb/v7-m/nofp\libgcc.a
LOAD e:/st/stm32cubeide_1.7.0/stm32cubeide/plugins/com.st.stm32cube.ide.mcu.externaltools.gnu-tools-for-stm32.9-2020-q2-update.win32_2.0.0.202105311346/tools/bin/../lib/gcc/arm-none-eabi/9.3.1/../../../../arm-none-eabi/lib/thumb/v7-m/nofp\libc_nano.a
END GROUP
START GROUP
LOAD e:/st/stm32cubeide_1.7.0/stm32cubeide/plugins/com.st.stm32cube.ide.mcu.externaltools.gnu-tools-for-stm32.9-2020-q2-update.win32_2.0.0.202105311346/tools/bin/../lib/gcc/arm-none-eabi/9.3.1/thumb/v7-m/nofp\libgcc.a
LOAD e:/st/stm32cubeide_1.7.0/stm32cubeide/plugins/com.st.stm32cube.ide.mcu.externaltools.gnu-tools-for-stm32.9-2020-q2-update.win32_2.0.0.202105311346/tools/bin/../lib/gcc/arm-none-eabi/9.3.1/../../../../arm-none-eabi/lib/thumb/v7-m/nofp\libc_nano.a
LOAD e:/st/stm32cubeide_1.7.0/stm32cubeide/plugins/com.st.stm32cube.ide.mcu.externaltools.gnu-tools-for-stm32.9-2020-q2-update.win32_2.0.0.202105311346/tools/bin/../lib/gcc/arm-none-eabi/9.3.1/../../../../arm-none-eabi/lib/thumb/v7-m/nofp\libnosys.a
END GROUP
START GROUP
LOAD e:/st/stm32cubeide_1.7.0/stm32cubeide/plugins/com.st.stm32cube.ide.mcu.externaltools.gnu-tools-for-stm32.9-2020-q2-update.win32_2.0.0.202105311346/tools/bin/../lib/gcc/arm-none-eabi/9.3.1/thumb/v7-m/nofp\libgcc.a
LOAD e:/st/stm32cubeide_1.7.0/stm32cubeide/plugins/com.st.stm32cube.ide.mcu.externaltools.gnu-tools-for-stm32.9-2020-q2-update.win32_2.0.0.202105311346/tools/bin/../lib/gcc/arm-none-eabi/9.3.1/../../../../arm-none-eabi/lib/thumb/v7-m/nofp\libc_nano.a
LOAD e:/st/stm32cubeide_1.7.0/stm32cubeide/plugins/com.st.stm32cube.ide.mcu.externaltools.gnu-tools-for-stm32.9-2020-q2-update.win32_2.0.0.202105311346/tools/bin/../lib/gcc/arm-none-eabi/9.3.1/../../../../arm-none-eabi/lib/thumb/v7-m/nofp\libnosys.a
END GROUP
LOAD e:/st/stm32cubeide_1.7.0/stm32cubeide/plugins/com.st.stm32cube.ide.mcu.externaltools.gnu-tools-for-stm32.9-2020-q2-update.win32_2.0.0.202105311346/tools/bin/../lib/gcc/arm-none-eabi/9.3.1/thumb/v7-m/nofp/crtend.o
LOAD e:/st/stm32cubeide_1.7.0/stm32cubeide/plugins/com.st.stm32cube.ide.mcu.externaltools.gnu-tools-for-stm32.9-2020-q2-update.win32_2.0.0.202105311346/tools/bin/../lib/gcc/arm-none-eabi/9.3.1/thumb/v7-m/nofp/crtn.o
                0x0000000020002800                _estack = (ORIGIN (RAM) + LENGTH (RAM))
                0x0000000000000200                _Min_Heap_Size = 0x200
                0x0000000000000400                _Min_Stack_Size = 0x400

.isr_vector     0x0000000008000000      0x10c
                0x0000000008000000                . = ALIGN (0x4)
 *(.isr_vector)
 .isr_vector    0x0000000008000000      0x10c ./Core/Startup/startup_stm32f103c6ux.o
                0x0000000008000000                g_pfnVectors
                0x000000000800010c                . = ALIGN (0x4)

.text           0x000000000800010c     0x2e88
                0x000000000800010c                . = ALIGN (0x4)
 *(.text)
 .text          0x000000000800010c       0x40 e:/st/stm32cubeide_1.7.0/stm32cubeide/plugins/com.st.stm32cube.ide.mcu.externaltools.gnu-tools-for-stm32.9-2020-q2-update.win32_2.0.0.202105311346/tools/bin/../lib/gcc/arm-none-eabi/9.3.1/thumb/v7-m/nofp/crtbegin.o
 *(.text*)
 .text.isButtonPressed
                0x000000000800014c       0x34 ./Core/Src/button.o
                0x000000000800014c                isButtonPressed
 .text.getKeyInput
                0x0000000008000180      0x140 ./Core/Src/button.o
                0x0000000008000180                getKeyInput
 .text.fsm_traffic_ver
                0x00000000080002c0      0x25c ./Core/Src/fsm_automatic.o
                0x00000000080002c0                fsm_traffic_ver
 .text.fsm_traffic_hor
                0x000000000800051c      0x25c ./Core/Src/fsm_automatic.o
                0x000000000800051c                fsm_traffic_hor
 .text.fsm_automatic
                0x0000000008000778       0x10 ./Core/Src/fsm_automatic.o
                0x0000000008000778                fsm_automatic
 .text.fsm_manual
                0x0000000008000788      0x1d0 ./Core/Src/fsm_manual.o
                0x0000000008000788                fsm_manual
 .text.fsm_setting
                0x0000000008000958      0x208 ./Core/Src/fsm_setting.o
                0x0000000008000958                fsm_setting
 .text.display7SEG_ver
                0x0000000008000b60      0x3a0 ./Core/Src/led7_segment.o
                0x0000000008000b60                display7SEG_ver
 .text.display7SEG_hor
                0x0000000008000f00      0x30c ./Core/Src/led7_segment.o
                0x0000000008000f00                display7SEG_hor
 .text.update_7SEG_ver
                0x000000000800120c       0x6c ./Core/Src/led7_segment.o
                0x000000000800120c                update_7SEG_ver
 .text.update_7SEG_hor
                0x0000000008001278       0x70 ./Core/Src/led7_segment.o
                0x0000000008001278                update_7SEG_hor
 .text.main     0x00000000080012e8       0x60 ./Core/Src/main.o
                0x00000000080012e8                main
 .text.SystemClock_Config
                0x0000000008001348       0x76 ./Core/Src/main.o
                0x0000000008001348                SystemClock_Config
 *fill*         0x00000000080013be        0x2 
 .text.MX_TIM2_Init
                0x00000000080013c0       0x98 ./Core/Src/main.o
 .text.MX_GPIO_Init
                0x0000000008001458       0xc8 ./Core/Src/main.o
 .text.HAL_TIM_PeriodElapsedCallback
                0x0000000008001520       0x18 ./Core/Src/main.o
                0x0000000008001520                HAL_TIM_PeriodElapsedCallback
 .text.Error_Handler
                0x0000000008001538        0xa ./Core/Src/main.o
                0x0000000008001538                Error_Handler
 *fill*         0x0000000008001542        0x2 
 .text.setTimer
                0x0000000008001544       0x40 ./Core/Src/software_timer.o
                0x0000000008001544                setTimer
 .text.timerRun
                0x0000000008001584       0x60 ./Core/Src/software_timer.o
                0x0000000008001584                timerRun
 .text.HAL_MspInit
                0x00000000080015e4       0x64 ./Core/Src/stm32f1xx_hal_msp.o
                0x00000000080015e4                HAL_MspInit
 .text.HAL_TIM_Base_MspInit
                0x0000000008001648       0x48 ./Core/Src/stm32f1xx_hal_msp.o
                0x0000000008001648                HAL_TIM_Base_MspInit
 .text.NMI_Handler
                0x0000000008001690        0x6 ./Core/Src/stm32f1xx_it.o
                0x0000000008001690                NMI_Handler
 .text.HardFault_Handler
                0x0000000008001696        0x6 ./Core/Src/stm32f1xx_it.o
                0x0000000008001696                HardFault_Handler
 .text.MemManage_Handler
                0x000000000800169c        0x6 ./Core/Src/stm32f1xx_it.o
                0x000000000800169c                MemManage_Handler
 .text.BusFault_Handler
                0x00000000080016a2        0x6 ./Core/Src/stm32f1xx_it.o
                0x00000000080016a2                BusFault_Handler
 .text.UsageFault_Handler
                0x00000000080016a8        0x6 ./Core/Src/stm32f1xx_it.o
                0x00000000080016a8                UsageFault_Handler
 .text.SVC_Handler
                0x00000000080016ae        0xc ./Core/Src/stm32f1xx_it.o
                0x00000000080016ae                SVC_Handler
 .text.DebugMon_Handler
                0x00000000080016ba        0xc ./Core/Src/stm32f1xx_it.o
                0x00000000080016ba                DebugMon_Handler
 .text.PendSV_Handler
                0x00000000080016c6        0xc ./Core/Src/stm32f1xx_it.o
                0x00000000080016c6                PendSV_Handler
 .text.SysTick_Handler
                0x00000000080016d2        0xc ./Core/Src/stm32f1xx_it.o
                0x00000000080016d2                SysTick_Handler
 *fill*         0x00000000080016de        0x2 
 .text.TIM2_IRQHandler
                0x00000000080016e0       0x14 ./Core/Src/stm32f1xx_it.o
                0x00000000080016e0                TIM2_IRQHandler
 .text.SystemInit
                0x00000000080016f4        0xc ./Core/Src/system_stm32f1xx.o
                0x00000000080016f4                SystemInit
 .text.red_led_ver
                0x0000000008001700       0x2c ./Core/Src/traffic_light.o
                0x0000000008001700                red_led_ver
 .text.yellow_led_ver
                0x000000000800172c       0x2c ./Core/Src/traffic_light.o
                0x000000000800172c                yellow_led_ver
 .text.green_led_ver
                0x0000000008001758       0x2c ./Core/Src/traffic_light.o
                0x0000000008001758                green_led_ver
 .text.red_led_hor
                0x0000000008001784       0x2c ./Core/Src/traffic_light.o
                0x0000000008001784                red_led_hor
 .text.yellow_led_hor
                0x00000000080017b0       0x2c ./Core/Src/traffic_light.o
                0x00000000080017b0                yellow_led_hor
 .text.green_led_hor
                0x00000000080017dc       0x2c ./Core/Src/traffic_light.o
                0x00000000080017dc                green_led_hor
 .text.toggle_red_led
                0x0000000008001808       0x1c ./Core/Src/traffic_light.o
                0x0000000008001808                toggle_red_led
 .text.toggle_yellow_led
                0x0000000008001824       0x1c ./Core/Src/traffic_light.o
                0x0000000008001824                toggle_yellow_led
 .text.toggle_green_led
                0x0000000008001840       0x20 ./Core/Src/traffic_light.o
                0x0000000008001840                toggle_green_led
 .text.turn_off_yellow_green
                0x0000000008001860       0x38 ./Core/Src/traffic_light.o
                0x0000000008001860                turn_off_yellow_green
 .text.turn_off_red_green
                0x0000000008001898       0x38 ./Core/Src/traffic_light.o
                0x0000000008001898                turn_off_red_green
 .text.turn_off_red_yellow
                0x00000000080018d0       0x34 ./Core/Src/traffic_light.o
                0x00000000080018d0                turn_off_red_yellow
 .text.Reset_Handler
                0x0000000008001904       0x48 ./Core/Startup/startup_stm32f103c6ux.o
                0x0000000008001904                Reset_Handler
 .text.Default_Handler
                0x000000000800194c        0x2 ./Core/Startup/startup_stm32f103c6ux.o
                0x000000000800194c                RTC_Alarm_IRQHandler
                0x000000000800194c                EXTI2_IRQHandler
                0x000000000800194c                TIM1_CC_IRQHandler
                0x000000000800194c                PVD_IRQHandler
                0x000000000800194c                EXTI3_IRQHandler
                0x000000000800194c                EXTI0_IRQHandler
                0x000000000800194c                ADC1_2_IRQHandler
                0x000000000800194c                SPI1_IRQHandler
                0x000000000800194c                TAMPER_IRQHandler
                0x000000000800194c                DMA1_Channel4_IRQHandler
                0x000000000800194c                RTC_IRQHandler
                0x000000000800194c                DMA1_Channel7_IRQHandler
                0x000000000800194c                CAN1_RX1_IRQHandler
                0x000000000800194c                I2C1_EV_IRQHandler
                0x000000000800194c                DMA1_Channel6_IRQHandler
                0x000000000800194c                TIM3_IRQHandler
                0x000000000800194c                RCC_IRQHandler
                0x000000000800194c                TIM1_TRG_COM_IRQHandler
                0x000000000800194c                DMA1_Channel1_IRQHandler
                0x000000000800194c                Default_Handler
                0x000000000800194c                EXTI15_10_IRQHandler
                0x000000000800194c                EXTI9_5_IRQHandler
                0x000000000800194c                DMA1_Channel5_IRQHandler
                0x000000000800194c                EXTI4_IRQHandler
                0x000000000800194c                USB_LP_CAN1_RX0_IRQHandler
                0x000000000800194c                USB_HP_CAN1_TX_IRQHandler
                0x000000000800194c                DMA1_Channel3_IRQHandler
                0x000000000800194c                TIM1_UP_IRQHandler
                0x000000000800194c                WWDG_IRQHandler
                0x000000000800194c                TIM1_BRK_IRQHandler
                0x000000000800194c                EXTI1_IRQHandler
                0x000000000800194c                USART2_IRQHandler
                0x000000000800194c                DMA1_Channel2_IRQHandler
                0x000000000800194c                CAN1_SCE_IRQHandler
                0x000000000800194c                FLASH_IRQHandler
                0x000000000800194c                USART1_IRQHandler
                0x000000000800194c                I2C1_ER_IRQHandler
                0x000000000800194c                USBWakeUp_IRQHandler
 *fill*         0x000000000800194e        0x2 
 .text.HAL_Init
                0x0000000008001950       0x2c ./Drivers/STM32F1xx_HAL_Driver/Src/stm32f1xx_hal.o
                0x0000000008001950                HAL_Init
 .text.HAL_InitTick
                0x000000000800197c       0x60 ./Drivers/STM32F1xx_HAL_Driver/Src/stm32f1xx_hal.o
                0x000000000800197c                HAL_InitTick
 .text.HAL_IncTick
                0x00000000080019dc       0x24 ./Drivers/STM32F1xx_HAL_Driver/Src/stm32f1xx_hal.o
                0x00000000080019dc                HAL_IncTick
 .text.HAL_GetTick
                0x0000000008001a00       0x14 ./Drivers/STM32F1xx_HAL_Driver/Src/stm32f1xx_hal.o
                0x0000000008001a00                HAL_GetTick
 .text.__NVIC_SetPriorityGrouping
                0x0000000008001a14       0x48 ./Drivers/STM32F1xx_HAL_Driver/Src/stm32f1xx_hal_cortex.o
 .text.__NVIC_GetPriorityGrouping
                0x0000000008001a5c       0x1c ./Drivers/STM32F1xx_HAL_Driver/Src/stm32f1xx_hal_cortex.o
 .text.__NVIC_EnableIRQ
                0x0000000008001a78       0x38 ./Drivers/STM32F1xx_HAL_Driver/Src/stm32f1xx_hal_cortex.o
 .text.__NVIC_SetPriority
                0x0000000008001ab0       0x54 ./Drivers/STM32F1xx_HAL_Driver/Src/stm32f1xx_hal_cortex.o
 .text.NVIC_EncodePriority
                0x0000000008001b04       0x64 ./Drivers/STM32F1xx_HAL_Driver/Src/stm32f1xx_hal_cortex.o
 .text.SysTick_Config
                0x0000000008001b68       0x44 ./Drivers/STM32F1xx_HAL_Driver/Src/stm32f1xx_hal_cortex.o
 .text.HAL_NVIC_SetPriorityGrouping
                0x0000000008001bac       0x16 ./Drivers/STM32F1xx_HAL_Driver/Src/stm32f1xx_hal_cortex.o
                0x0000000008001bac                HAL_NVIC_SetPriorityGrouping
 .text.HAL_NVIC_SetPriority
                0x0000000008001bc2       0x38 ./Drivers/STM32F1xx_HAL_Driver/Src/stm32f1xx_hal_cortex.o
                0x0000000008001bc2                HAL_NVIC_SetPriority
 .text.HAL_NVIC_EnableIRQ
                0x0000000008001bfa       0x1c ./Drivers/STM32F1xx_HAL_Driver/Src/stm32f1xx_hal_cortex.o
                0x0000000008001bfa                HAL_NVIC_EnableIRQ
 .text.HAL_SYSTICK_Config
                0x0000000008001c16       0x18 ./Drivers/STM32F1xx_HAL_Driver/Src/stm32f1xx_hal_cortex.o
                0x0000000008001c16                HAL_SYSTICK_Config
 *fill*         0x0000000008001c2e        0x2 
 .text.HAL_GPIO_Init
                0x0000000008001c30      0x2f4 ./Drivers/STM32F1xx_HAL_Driver/Src/stm32f1xx_hal_gpio.o
                0x0000000008001c30                HAL_GPIO_Init
 .text.HAL_GPIO_ReadPin
                0x0000000008001f24       0x2e ./Drivers/STM32F1xx_HAL_Driver/Src/stm32f1xx_hal_gpio.o
                0x0000000008001f24                HAL_GPIO_ReadPin
 .text.HAL_GPIO_WritePin
                0x0000000008001f52       0x30 ./Drivers/STM32F1xx_HAL_Driver/Src/stm32f1xx_hal_gpio.o
                0x0000000008001f52                HAL_GPIO_WritePin
 .text.HAL_GPIO_TogglePin
                0x0000000008001f82       0x32 ./Drivers/STM32F1xx_HAL_Driver/Src/stm32f1xx_hal_gpio.o
                0x0000000008001f82                HAL_GPIO_TogglePin
 .text.HAL_RCC_OscConfig
                0x0000000008001fb4      0x500 ./Drivers/STM32F1xx_HAL_Driver/Src/stm32f1xx_hal_rcc.o
                0x0000000008001fb4                HAL_RCC_OscConfig
 .text.HAL_RCC_ClockConfig
                0x00000000080024b4      0x1d4 ./Drivers/STM32F1xx_HAL_Driver/Src/stm32f1xx_hal_rcc.o
                0x00000000080024b4                HAL_RCC_ClockConfig
 .text.HAL_RCC_GetSysClockFreq
                0x0000000008002688       0xa8 ./Drivers/STM32F1xx_HAL_Driver/Src/stm32f1xx_hal_rcc.o
                0x0000000008002688                HAL_RCC_GetSysClockFreq
 .text.RCC_Delay
                0x0000000008002730       0x3c ./Drivers/STM32F1xx_HAL_Driver/Src/stm32f1xx_hal_rcc.o
 .text.HAL_TIM_Base_Init
                0x000000000800276c       0x9e ./Drivers/STM32F1xx_HAL_Driver/Src/stm32f1xx_hal_tim.o
                0x000000000800276c                HAL_TIM_Base_Init
 *fill*         0x000000000800280a        0x2 
 .text.HAL_TIM_Base_Start_IT
                0x000000000800280c       0x98 ./Drivers/STM32F1xx_HAL_Driver/Src/stm32f1xx_hal_tim.o
                0x000000000800280c                HAL_TIM_Base_Start_IT
 .text.HAL_TIM_IRQHandler
                0x00000000080028a4      0x1e0 ./Drivers/STM32F1xx_HAL_Driver/Src/stm32f1xx_hal_tim.o
                0x00000000080028a4                HAL_TIM_IRQHandler
 .text.HAL_TIM_ConfigClockSource
                0x0000000008002a84      0x18e ./Drivers/STM32F1xx_HAL_Driver/Src/stm32f1xx_hal_tim.o
                0x0000000008002a84                HAL_TIM_ConfigClockSource
 .text.HAL_TIM_OC_DelayElapsedCallback
                0x0000000008002c12       0x12 ./Drivers/STM32F1xx_HAL_Driver/Src/stm32f1xx_hal_tim.o
                0x0000000008002c12                HAL_TIM_OC_DelayElapsedCallback
 .text.HAL_TIM_IC_CaptureCallback
                0x0000000008002c24       0x12 ./Drivers/STM32F1xx_HAL_Driver/Src/stm32f1xx_hal_tim.o
                0x0000000008002c24                HAL_TIM_IC_CaptureCallback
 .text.HAL_TIM_PWM_PulseFinishedCallback
                0x0000000008002c36       0x12 ./Drivers/STM32F1xx_HAL_Driver/Src/stm32f1xx_hal_tim.o
                0x0000000008002c36                HAL_TIM_PWM_PulseFinishedCallback
 .text.HAL_TIM_TriggerCallback
                0x0000000008002c48       0x12 ./Drivers/STM32F1xx_HAL_Driver/Src/stm32f1xx_hal_tim.o
                0x0000000008002c48                HAL_TIM_TriggerCallback
 *fill*         0x0000000008002c5a        0x2 
 .text.TIM_Base_SetConfig
                0x0000000008002c5c       0xc8 ./Drivers/STM32F1xx_HAL_Driver/Src/stm32f1xx_hal_tim.o
                0x0000000008002c5c                TIM_Base_SetConfig
 .text.TIM_TI1_ConfigInputStage
                0x0000000008002d24       0x5c ./Drivers/STM32F1xx_HAL_Driver/Src/stm32f1xx_hal_tim.o
 .text.TIM_TI2_ConfigInputStage
                0x0000000008002d80       0x5e ./Drivers/STM32F1xx_HAL_Driver/Src/stm32f1xx_hal_tim.o
 .text.TIM_ITRx_SetConfig
                0x0000000008002dde       0x34 ./Drivers/STM32F1xx_HAL_Driver/Src/stm32f1xx_hal_tim.o
 .text.TIM_ETR_SetConfig
                0x0000000008002e12       0x3e ./Drivers/STM32F1xx_HAL_Driver/Src/stm32f1xx_hal_tim.o
                0x0000000008002e12                TIM_ETR_SetConfig
 .text.HAL_TIMEx_MasterConfigSynchronization
                0x0000000008002e50       0xb0 ./Drivers/STM32F1xx_HAL_Driver/Src/stm32f1xx_hal_tim_ex.o
                0x0000000008002e50                HAL_TIMEx_MasterConfigSynchronization
 .text.HAL_TIMEx_CommutCallback
                0x0000000008002f00       0x12 ./Drivers/STM32F1xx_HAL_Driver/Src/stm32f1xx_hal_tim_ex.o
                0x0000000008002f00                HAL_TIMEx_CommutCallback
 .text.HAL_TIMEx_BreakCallback
                0x0000000008002f12       0x12 ./Drivers/STM32F1xx_HAL_Driver/Src/stm32f1xx_hal_tim_ex.o
                0x0000000008002f12                HAL_TIMEx_BreakCallback
 .text.__libc_init_array
                0x0000000008002f24       0x48 e:/st/stm32cubeide_1.7.0/stm32cubeide/plugins/com.st.stm32cube.ide.mcu.externaltools.gnu-tools-for-stm32.9-2020-q2-update.win32_2.0.0.202105311346/tools/bin/../lib/gcc/arm-none-eabi/9.3.1/../../../../arm-none-eabi/lib/thumb/v7-m/nofp\libc_nano.a(lib_a-init.o)
                0x0000000008002f24                __libc_init_array
 .text.memset   0x0000000008002f6c       0x10 e:/st/stm32cubeide_1.7.0/stm32cubeide/plugins/com.st.stm32cube.ide.mcu.externaltools.gnu-tools-for-stm32.9-2020-q2-update.win32_2.0.0.202105311346/tools/bin/../lib/gcc/arm-none-eabi/9.3.1/../../../../arm-none-eabi/lib/thumb/v7-m/nofp\libc_nano.a(lib_a-memset.o)
                0x0000000008002f6c                memset
 *(.glue_7)
 .glue_7        0x0000000008002f7c        0x0 linker stubs
 *(.glue_7t)
 .glue_7t       0x0000000008002f7c        0x0 linker stubs
 *(.eh_frame)
 .eh_frame      0x0000000008002f7c        0x0 e:/st/stm32cubeide_1.7.0/stm32cubeide/plugins/com.st.stm32cube.ide.mcu.externaltools.gnu-tools-for-stm32.9-2020-q2-update.win32_2.0.0.202105311346/tools/bin/../lib/gcc/arm-none-eabi/9.3.1/thumb/v7-m/nofp/crtbegin.o
 *(.init)
 .init          0x0000000008002f7c        0x4 e:/st/stm32cubeide_1.7.0/stm32cubeide/plugins/com.st.stm32cube.ide.mcu.externaltools.gnu-tools-for-stm32.9-2020-q2-update.win32_2.0.0.202105311346/tools/bin/../lib/gcc/arm-none-eabi/9.3.1/thumb/v7-m/nofp/crti.o
                0x0000000008002f7c                _init
 .init          0x0000000008002f80        0x8 e:/st/stm32cubeide_1.7.0/stm32cubeide/plugins/com.st.stm32cube.ide.mcu.externaltools.gnu-tools-for-stm32.9-2020-q2-update.win32_2.0.0.202105311346/tools/bin/../lib/gcc/arm-none-eabi/9.3.1/thumb/v7-m/nofp/crtn.o
 *(.fini)
 .fini          0x0000000008002f88        0x4 e:/st/stm32cubeide_1.7.0/stm32cubeide/plugins/com.st.stm32cube.ide.mcu.externaltools.gnu-tools-for-stm32.9-2020-q2-update.win32_2.0.0.202105311346/tools/bin/../lib/gcc/arm-none-eabi/9.3.1/thumb/v7-m/nofp/crti.o
                0x0000000008002f88                _fini
 .fini          0x0000000008002f8c        0x8 e:/st/stm32cubeide_1.7.0/stm32cubeide/plugins/com.st.stm32cube.ide.mcu.externaltools.gnu-tools-for-stm32.9-2020-q2-update.win32_2.0.0.202105311346/tools/bin/../lib/gcc/arm-none-eabi/9.3.1/thumb/v7-m/nofp/crtn.o
                0x0000000008002f94                . = ALIGN (0x4)
                0x0000000008002f94                _etext = .

.vfp11_veneer   0x0000000008002f94        0x0
 .vfp11_veneer  0x0000000008002f94        0x0 linker stubs

.v4_bx          0x0000000008002f94        0x0
 .v4_bx         0x0000000008002f94        0x0 linker stubs

.iplt           0x0000000008002f94        0x0
 .iplt          0x0000000008002f94        0x0 e:/st/stm32cubeide_1.7.0/stm32cubeide/plugins/com.st.stm32cube.ide.mcu.externaltools.gnu-tools-for-stm32.9-2020-q2-update.win32_2.0.0.202105311346/tools/bin/../lib/gcc/arm-none-eabi/9.3.1/thumb/v7-m/nofp/crtbegin.o

.rodata         0x0000000008002f94       0x24
                0x0000000008002f94                . = ALIGN (0x4)
 *(.rodata)
 *(.rodata*)
 .rodata.AHBPrescTable
                0x0000000008002f94       0x10 ./Core/Src/system_stm32f1xx.o
                0x0000000008002f94                AHBPrescTable
 .rodata.aPLLMULFactorTable.6032
                0x0000000008002fa4       0x10 ./Drivers/STM32F1xx_HAL_Driver/Src/stm32f1xx_hal_rcc.o
 .rodata.aPredivFactorTable.6033
                0x0000000008002fb4        0x2 ./Drivers/STM32F1xx_HAL_Driver/Src/stm32f1xx_hal_rcc.o
                0x0000000008002fb8                . = ALIGN (0x4)
 *fill*         0x0000000008002fb6        0x2 

.rel.dyn        0x0000000008002fb8        0x0
 .rel.iplt      0x0000000008002fb8        0x0 e:/st/stm32cubeide_1.7.0/stm32cubeide/plugins/com.st.stm32cube.ide.mcu.externaltools.gnu-tools-for-stm32.9-2020-q2-update.win32_2.0.0.202105311346/tools/bin/../lib/gcc/arm-none-eabi/9.3.1/thumb/v7-m/nofp/crtbegin.o

.ARM.extab      0x0000000008002fb8        0x0
                0x0000000008002fb8                . = ALIGN (0x4)
 *(.ARM.extab* .gnu.linkonce.armextab.*)
                0x0000000008002fb8                . = ALIGN (0x4)

.ARM            0x0000000008002fb8        0x0
                0x0000000008002fb8                . = ALIGN (0x4)
                0x0000000008002fb8                __exidx_start = .
 *(.ARM.exidx*)
                0x0000000008002fb8                __exidx_end = .
                0x0000000008002fb8                . = ALIGN (0x4)

.preinit_array  0x0000000008002fb8        0x0
                0x0000000008002fb8                . = ALIGN (0x4)
                0x0000000008002fb8                PROVIDE (__preinit_array_start = .)
 *(.preinit_array*)
                0x0000000008002fb8                PROVIDE (__preinit_array_end = .)
                0x0000000008002fb8                . = ALIGN (0x4)

.init_array     0x0000000008002fb8        0x4
                0x0000000008002fb8                . = ALIGN (0x4)
                0x0000000008002fb8                PROVIDE (__init_array_start = .)
 *(SORT_BY_NAME(.init_array.*))
 *(.init_array*)
 .init_array    0x0000000008002fb8        0x4 e:/st/stm32cubeide_1.7.0/stm32cubeide/plugins/com.st.stm32cube.ide.mcu.externaltools.gnu-tools-for-stm32.9-2020-q2-update.win32_2.0.0.202105311346/tools/bin/../lib/gcc/arm-none-eabi/9.3.1/thumb/v7-m/nofp/crtbegin.o
                0x0000000008002fbc                PROVIDE (__init_array_end = .)
                0x0000000008002fbc                . = ALIGN (0x4)

.fini_array     0x0000000008002fbc        0x4
                0x0000000008002fbc                . = ALIGN (0x4)
                [!provide]                        PROVIDE (__fini_array_start = .)
 *(SORT_BY_NAME(.fini_array.*))
 *(.fini_array*)
 .fini_array    0x0000000008002fbc        0x4 e:/st/stm32cubeide_1.7.0/stm32cubeide/plugins/com.st.stm32cube.ide.mcu.externaltools.gnu-tools-for-stm32.9-2020-q2-update.win32_2.0.0.202105311346/tools/bin/../lib/gcc/arm-none-eabi/9.3.1/thumb/v7-m/nofp/crtbegin.o
                [!provide]                        PROVIDE (__fini_array_end = .)
                0x0000000008002fc0                . = ALIGN (0x4)
                0x0000000008002fc0                _sidata = LOADADDR (.data)

.data           0x0000000020000000       0xf0 load address 0x0000000008002fc0
                0x0000000020000000                . = ALIGN (0x4)
                0x0000000020000000                _sdata = .
 *(.data)
 *(.data*)
 .data.keyReg0  0x0000000020000000       0x28 ./Core/Src/button.o
                0x0000000020000000                keyReg0
 .data.keyReg1  0x0000000020000028       0x28 ./Core/Src/button.o
                0x0000000020000028                keyReg1
 .data.keyReg2  0x0000000020000050       0x28 ./Core/Src/button.o
                0x0000000020000050                keyReg2
 .data.keyReg3  0x0000000020000078       0x28 ./Core/Src/button.o
                0x0000000020000078                keyReg3
 .data.TimeOutForKeyPress
                0x00000000200000a0        0x4 ./Core/Src/button.o
                0x00000000200000a0                TimeOutForKeyPress
 .data.status_traffic_ver
                0x00000000200000a4        0x4 ./Core/Src/fsm_automatic.o
                0x00000000200000a4                status_traffic_ver
 .data.status_traffic_hor
                0x00000000200000a8        0x4 ./Core/Src/fsm_automatic.o
                0x00000000200000a8                status_traffic_hor
 .data.status_system
                0x00000000200000ac        0x4 ./Core/Src/fsm_manual.o
                0x00000000200000ac                status_system
 .data.status_modify
                0x00000000200000b0        0x4 ./Core/Src/fsm_setting.o
                0x00000000200000b0                status_modify
 .data.time_red_ver
                0x00000000200000b4        0x4 ./Core/Src/global.o
                0x00000000200000b4                time_red_ver
 .data.time_red_hor
                0x00000000200000b8        0x4 ./Core/Src/global.o
                0x00000000200000b8                time_red_hor
 .data.time_red_ver_temp
                0x00000000200000bc        0x4 ./Core/Src/global.o
                0x00000000200000bc                time_red_ver_temp
 .data.time_red_hor_temp
                0x00000000200000c0        0x4 ./Core/Src/global.o
                0x00000000200000c0                time_red_hor_temp
 .data.time_yellow_ver
                0x00000000200000c4        0x4 ./Core/Src/global.o
                0x00000000200000c4                time_yellow_ver
 .data.time_yellow_hor
                0x00000000200000c8        0x4 ./Core/Src/global.o
                0x00000000200000c8                time_yellow_hor
 .data.time_yellow_ver_temp
                0x00000000200000cc        0x4 ./Core/Src/global.o
                0x00000000200000cc                time_yellow_ver_temp
 .data.time_yellow_hor_temp
                0x00000000200000d0        0x4 ./Core/Src/global.o
                0x00000000200000d0                time_yellow_hor_temp
 .data.time_green_ver
                0x00000000200000d4        0x4 ./Core/Src/global.o
                0x00000000200000d4                time_green_ver
 .data.time_green_hor
                0x00000000200000d8        0x4 ./Core/Src/global.o
                0x00000000200000d8                time_green_hor
 .data.time_green_ver_temp
                0x00000000200000dc        0x4 ./Core/Src/global.o
                0x00000000200000dc                time_green_ver_temp
 .data.time_green_hor_temp
                0x00000000200000e0        0x4 ./Core/Src/global.o
                0x00000000200000e0                time_green_hor_temp
 .data.SystemCoreClock
                0x00000000200000e4        0x4 ./Core/Src/system_stm32f1xx.o
                0x00000000200000e4                SystemCoreClock
 .data.uwTickPrio
                0x00000000200000e8        0x4 ./Drivers/STM32F1xx_HAL_Driver/Src/stm32f1xx_hal.o
                0x00000000200000e8                uwTickPrio
 .data.uwTickFreq
                0x00000000200000ec        0x1 ./Drivers/STM32F1xx_HAL_Driver/Src/stm32f1xx_hal.o
                0x00000000200000ec                uwTickFreq
 *(.RamFunc)
 *(.RamFunc*)
                0x00000000200000f0                . = ALIGN (0x4)
 *fill*         0x00000000200000ed        0x3 
                0x00000000200000f0                _edata = .

.igot.plt       0x00000000200000f0        0x0 load address 0x00000000080030b0
 .igot.plt      0x00000000200000f0        0x0 e:/st/stm32cubeide_1.7.0/stm32cubeide/plugins/com.st.stm32cube.ide.mcu.externaltools.gnu-tools-for-stm32.9-2020-q2-update.win32_2.0.0.202105311346/tools/bin/../lib/gcc/arm-none-eabi/9.3.1/thumb/v7-m/nofp/crtbegin.o
                0x00000000200000f0                . = ALIGN (0x4)

.bss            0x00000000200000f0      0x110 load address 0x00000000080030b0
                0x00000000200000f0                _sbss = .
                0x00000000200000f0                __bss_start__ = _sbss
 *(.bss)
 .bss           0x00000000200000f0       0x1c e:/st/stm32cubeide_1.7.0/stm32cubeide/plugins/com.st.stm32cube.ide.mcu.externaltools.gnu-tools-for-stm32.9-2020-q2-update.win32_2.0.0.202105311346/tools/bin/../lib/gcc/arm-none-eabi/9.3.1/thumb/v7-m/nofp/crtbegin.o
 *(.bss*)
 .bss.traffic_buffer_ver
                0x000000002000010c        0xc ./Core/Src/fsm_automatic.o
                0x000000002000010c                traffic_buffer_ver
 .bss.traffic_buffer_hor
                0x0000000020000118        0xc ./Core/Src/fsm_automatic.o
                0x0000000020000118                traffic_buffer_hor
 .bss.idx_vertical
                0x0000000020000124        0x4 ./Core/Src/led7_segment.o
                0x0000000020000124                idx_vertical
 .bss.idx_horizontal
                0x0000000020000128        0x4 ./Core/Src/led7_segment.o
                0x0000000020000128                idx_horizontal
 .bss.led_buffer_ver
                0x000000002000012c        0x8 ./Core/Src/led7_segment.o
                0x000000002000012c                led_buffer_ver
 .bss.led_buffer_hor
                0x0000000020000134        0x8 ./Core/Src/led7_segment.o
                0x0000000020000134                led_buffer_hor
 *(COMMON)
 COMMON         0x000000002000013c       0x50 ./Core/Src/button.o
                0x000000002000013c                timer_counter
                0x0000000020000164                button_flag
 COMMON         0x000000002000018c       0x48 ./Core/Src/main.o
                0x000000002000018c                htim2
 COMMON         0x00000000200001d4       0x28 ./Core/Src/software_timer.o
                0x00000000200001d4                timer_flag
 COMMON         0x00000000200001fc        0x4 ./Drivers/STM32F1xx_HAL_Driver/Src/stm32f1xx_hal.o
                0x00000000200001fc                uwTick
                0x0000000020000200                . = ALIGN (0x4)
                0x0000000020000200                _ebss = .
                0x0000000020000200                __bss_end__ = _ebss

._user_heap_stack
                0x0000000020000200      0x600 load address 0x00000000080030b0
                0x0000000020000200                . = ALIGN (0x8)
                [!provide]                        PROVIDE (end = .)
                0x0000000020000200                PROVIDE (_end = .)
                0x0000000020000400                . = (. + _Min_Heap_Size)
 *fill*         0x0000000020000200      0x200 
                0x0000000020000800                . = (. + _Min_Stack_Size)
 *fill*         0x0000000020000400      0x400 
                0x0000000020000800                . = ALIGN (0x8)

/DISCARD/
 libc.a(*)
 libm.a(*)
 libgcc.a(*)

.ARM.attributes
                0x0000000000000000       0x29
 *(.ARM.attributes)
 .ARM.attributes
                0x0000000000000000       0x1d e:/st/stm32cubeide_1.7.0/stm32cubeide/plugins/com.st.stm32cube.ide.mcu.externaltools.gnu-tools-for-stm32.9-2020-q2-update.win32_2.0.0.202105311346/tools/bin/../lib/gcc/arm-none-eabi/9.3.1/thumb/v7-m/nofp/crti.o
 .ARM.attributes
                0x000000000000001d       0x2d e:/st/stm32cubeide_1.7.0/stm32cubeide/plugins/com.st.stm32cube.ide.mcu.externaltools.gnu-tools-for-stm32.9-2020-q2-update.win32_2.0.0.202105311346/tools/bin/../lib/gcc/arm-none-eabi/9.3.1/thumb/v7-m/nofp/crtbegin.o
 .ARM.attributes
                0x000000000000004a       0x2d ./Core/Src/button.o
 .ARM.attributes
                0x0000000000000077       0x2d ./Core/Src/fsm_automatic.o
 .ARM.attributes
                0x00000000000000a4       0x2d ./Core/Src/fsm_manual.o
 .ARM.attributes
                0x00000000000000d1       0x2d ./Core/Src/fsm_setting.o
 .ARM.attributes
                0x00000000000000fe       0x33 ./Core/Src/global.o
 .ARM.attributes
                0x0000000000000131       0x2d ./Core/Src/led7_segment.o
 .ARM.attributes
                0x000000000000015e       0x2d ./Core/Src/main.o
 .ARM.attributes
                0x000000000000018b       0x2d ./Core/Src/software_timer.o
 .ARM.attributes
                0x00000000000001b8       0x2d ./Core/Src/stm32f1xx_hal_msp.o
 .ARM.attributes
                0x00000000000001e5       0x2d ./Core/Src/stm32f1xx_it.o
 .ARM.attributes
                0x0000000000000212       0x2d ./Core/Src/system_stm32f1xx.o
 .ARM.attributes
                0x000000000000023f       0x2d ./Core/Src/traffic_light.o
 .ARM.attributes
                0x000000000000026c       0x21 ./Core/Startup/startup_stm32f103c6ux.o
 .ARM.attributes
                0x000000000000028d       0x2d ./Drivers/STM32F1xx_HAL_Driver/Src/stm32f1xx_hal.o
 .ARM.attributes
                0x00000000000002ba       0x2d ./Drivers/STM32F1xx_HAL_Driver/Src/stm32f1xx_hal_cortex.o
 .ARM.attributes
                0x00000000000002e7       0x2d ./Drivers/STM32F1xx_HAL_Driver/Src/stm32f1xx_hal_gpio.o
 .ARM.attributes
                0x0000000000000314       0x2d ./Drivers/STM32F1xx_HAL_Driver/Src/stm32f1xx_hal_rcc.o
 .ARM.attributes
                0x0000000000000341       0x2d ./Drivers/STM32F1xx_HAL_Driver/Src/stm32f1xx_hal_tim.o
 .ARM.attributes
                0x000000000000036e       0x2d ./Drivers/STM32F1xx_HAL_Driver/Src/stm32f1xx_hal_tim_ex.o
 .ARM.attributes
                0x000000000000039b       0x2d e:/st/stm32cubeide_1.7.0/stm32cubeide/plugins/com.st.stm32cube.ide.mcu.externaltools.gnu-tools-for-stm32.9-2020-q2-update.win32_2.0.0.202105311346/tools/bin/../lib/gcc/arm-none-eabi/9.3.1/../../../../arm-none-eabi/lib/thumb/v7-m/nofp\libc_nano.a(lib_a-init.o)
 .ARM.attributes
                0x00000000000003c8       0x2d e:/st/stm32cubeide_1.7.0/stm32cubeide/plugins/com.st.stm32cube.ide.mcu.externaltools.gnu-tools-for-stm32.9-2020-q2-update.win32_2.0.0.202105311346/tools/bin/../lib/gcc/arm-none-eabi/9.3.1/../../../../arm-none-eabi/lib/thumb/v7-m/nofp\libc_nano.a(lib_a-memset.o)
 .ARM.attributes
                0x00000000000003f5       0x1d e:/st/stm32cubeide_1.7.0/stm32cubeide/plugins/com.st.stm32cube.ide.mcu.externaltools.gnu-tools-for-stm32.9-2020-q2-update.win32_2.0.0.202105311346/tools/bin/../lib/gcc/arm-none-eabi/9.3.1/thumb/v7-m/nofp/crtn.o
OUTPUT(LAB3.elf elf32-littlearm)
LOAD linker stubs
LOAD e:/st/stm32cubeide_1.7.0/stm32cubeide/plugins/com.st.stm32cube.ide.mcu.externaltools.gnu-tools-for-stm32.9-2020-q2-update.win32_2.0.0.202105311346/tools/bin/../lib/gcc/arm-none-eabi/9.3.1/../../../../arm-none-eabi/lib/thumb/v7-m/nofp\libc.a
LOAD e:/st/stm32cubeide_1.7.0/stm32cubeide/plugins/com.st.stm32cube.ide.mcu.externaltools.gnu-tools-for-stm32.9-2020-q2-update.win32_2.0.0.202105311346/tools/bin/../lib/gcc/arm-none-eabi/9.3.1/../../../../arm-none-eabi/lib/thumb/v7-m/nofp\libm.a
LOAD e:/st/stm32cubeide_1.7.0/stm32cubeide/plugins/com.st.stm32cube.ide.mcu.externaltools.gnu-tools-for-stm32.9-2020-q2-update.win32_2.0.0.202105311346/tools/bin/../lib/gcc/arm-none-eabi/9.3.1/thumb/v7-m/nofp\libgcc.a

.debug_info     0x0000000000000000     0xa2b1
 .debug_info    0x0000000000000000      0x443 ./Core/Src/button.o
 .debug_info    0x0000000000000443      0x344 ./Core/Src/fsm_automatic.o
 .debug_info    0x0000000000000787      0x2f6 ./Core/Src/fsm_manual.o
 .debug_info    0x0000000000000a7d      0x2f6 ./Core/Src/fsm_setting.o
 .debug_info    0x0000000000000d73      0x376 ./Core/Src/global.o
 .debug_info    0x00000000000010e9      0x44f ./Core/Src/led7_segment.o
 .debug_info    0x0000000000001538      0xcea ./Core/Src/main.o
 .debug_info    0x0000000000002222      0x343 ./Core/Src/software_timer.o
 .debug_info    0x0000000000002565      0xa09 ./Core/Src/stm32f1xx_hal_msp.o
 .debug_info    0x0000000000002f6e      0x7b9 ./Core/Src/stm32f1xx_it.o
 .debug_info    0x0000000000003727      0x2be ./Core/Src/system_stm32f1xx.o
 .debug_info    0x00000000000039e5      0x45b ./Core/Src/traffic_light.o
 .debug_info    0x0000000000003e40       0x22 ./Core/Startup/startup_stm32f103c6ux.o
 .debug_info    0x0000000000003e62      0x74c ./Drivers/STM32F1xx_HAL_Driver/Src/stm32f1xx_hal.o
 .debug_info    0x00000000000045ae      0xbbe ./Drivers/STM32F1xx_HAL_Driver/Src/stm32f1xx_hal_cortex.o
 .debug_info    0x000000000000516c      0x701 ./Drivers/STM32F1xx_HAL_Driver/Src/stm32f1xx_hal_gpio.o
 .debug_info    0x000000000000586d      0x893 ./Drivers/STM32F1xx_HAL_Driver/Src/stm32f1xx_hal_rcc.o
 .debug_info    0x0000000000006100     0x2c32 ./Drivers/STM32F1xx_HAL_Driver/Src/stm32f1xx_hal_tim.o
 .debug_info    0x0000000000008d32     0x157f ./Drivers/STM32F1xx_HAL_Driver/Src/stm32f1xx_hal_tim_ex.o

.debug_abbrev   0x0000000000000000     0x1cf7
 .debug_abbrev  0x0000000000000000      0x15b ./Core/Src/button.o
 .debug_abbrev  0x000000000000015b       0xd8 ./Core/Src/fsm_automatic.o
 .debug_abbrev  0x0000000000000233       0xd8 ./Core/Src/fsm_manual.o
 .debug_abbrev  0x000000000000030b       0xd8 ./Core/Src/fsm_setting.o
 .debug_abbrev  0x00000000000003e3       0xbc ./Core/Src/global.o
 .debug_abbrev  0x000000000000049f      0x158 ./Core/Src/led7_segment.o
 .debug_abbrev  0x00000000000005f7      0x22c ./Core/Src/main.o
 .debug_abbrev  0x0000000000000823      0x11f ./Core/Src/software_timer.o
 .debug_abbrev  0x0000000000000942      0x1b7 ./Core/Src/stm32f1xx_hal_msp.o
 .debug_abbrev  0x0000000000000af9      0x176 ./Core/Src/stm32f1xx_it.o
 .debug_abbrev  0x0000000000000c6f      0x14e ./Core/Src/system_stm32f1xx.o
 .debug_abbrev  0x0000000000000dbd      0x109 ./Core/Src/traffic_light.o
 .debug_abbrev  0x0000000000000ec6       0x12 ./Core/Startup/startup_stm32f103c6ux.o
 .debug_abbrev  0x0000000000000ed8      0x1ed ./Drivers/STM32F1xx_HAL_Driver/Src/stm32f1xx_hal.o
 .debug_abbrev  0x00000000000010c5      0x313 ./Drivers/STM32F1xx_HAL_Driver/Src/stm32f1xx_hal_cortex.o
 .debug_abbrev  0x00000000000013d8      0x1e8 ./Drivers/STM32F1xx_HAL_Driver/Src/stm32f1xx_hal_gpio.o
 .debug_abbrev  0x00000000000015c0      0x273 ./Drivers/STM32F1xx_HAL_Driver/Src/stm32f1xx_hal_rcc.o
 .debug_abbrev  0x0000000000001833      0x25e ./Drivers/STM32F1xx_HAL_Driver/Src/stm32f1xx_hal_tim.o
 .debug_abbrev  0x0000000000001a91      0x266 ./Drivers/STM32F1xx_HAL_Driver/Src/stm32f1xx_hal_tim_ex.o

.debug_aranges  0x0000000000000000      0xab8
 .debug_aranges
                0x0000000000000000       0x28 ./Core/Src/button.o
 .debug_aranges
                0x0000000000000028       0x30 ./Core/Src/fsm_automatic.o
 .debug_aranges
                0x0000000000000058       0x20 ./Core/Src/fsm_manual.o
 .debug_aranges
                0x0000000000000078       0x20 ./Core/Src/fsm_setting.o
 .debug_aranges
                0x0000000000000098       0x18 ./Core/Src/global.o
 .debug_aranges
                0x00000000000000b0       0x38 ./Core/Src/led7_segment.o
 .debug_aranges
                0x00000000000000e8       0x48 ./Core/Src/main.o
 .debug_aranges
                0x0000000000000130       0x28 ./Core/Src/software_timer.o
 .debug_aranges
                0x0000000000000158       0x30 ./Core/Src/stm32f1xx_hal_msp.o
 .debug_aranges
                0x0000000000000188       0x68 ./Core/Src/stm32f1xx_it.o
 .debug_aranges
                0x00000000000001f0       0x28 ./Core/Src/system_stm32f1xx.o
 .debug_aranges
                0x0000000000000218       0x78 ./Core/Src/traffic_light.o
 .debug_aranges
                0x0000000000000290       0x28 ./Core/Startup/startup_stm32f103c6ux.o
 .debug_aranges
                0x00000000000002b8       0xe0 ./Drivers/STM32F1xx_HAL_Driver/Src/stm32f1xx_hal.o
 .debug_aranges
                0x0000000000000398      0x100 ./Drivers/STM32F1xx_HAL_Driver/Src/stm32f1xx_hal_cortex.o
 .debug_aranges
                0x0000000000000498       0x58 ./Drivers/STM32F1xx_HAL_Driver/Src/stm32f1xx_hal_gpio.o
 .debug_aranges
                0x00000000000004f0       0x90 ./Drivers/STM32F1xx_HAL_Driver/Src/stm32f1xx_hal_rcc.o
 .debug_aranges
                0x0000000000000580      0x3d0 ./Drivers/STM32F1xx_HAL_Driver/Src/stm32f1xx_hal_tim.o
 .debug_aranges
                0x0000000000000950      0x168 ./Drivers/STM32F1xx_HAL_Driver/Src/stm32f1xx_hal_tim_ex.o

.debug_ranges   0x0000000000000000      0x988
 .debug_ranges  0x0000000000000000       0x18 ./Core/Src/button.o
 .debug_ranges  0x0000000000000018       0x20 ./Core/Src/fsm_automatic.o
 .debug_ranges  0x0000000000000038       0x10 ./Core/Src/fsm_manual.o
 .debug_ranges  0x0000000000000048       0x10 ./Core/Src/fsm_setting.o
 .debug_ranges  0x0000000000000058       0x28 ./Core/Src/led7_segment.o
 .debug_ranges  0x0000000000000080       0x38 ./Core/Src/main.o
 .debug_ranges  0x00000000000000b8       0x18 ./Core/Src/software_timer.o
 .debug_ranges  0x00000000000000d0       0x20 ./Core/Src/stm32f1xx_hal_msp.o
 .debug_ranges  0x00000000000000f0       0x58 ./Core/Src/stm32f1xx_it.o
 .debug_ranges  0x0000000000000148       0x18 ./Core/Src/system_stm32f1xx.o
 .debug_ranges  0x0000000000000160       0x68 ./Core/Src/traffic_light.o
 .debug_ranges  0x00000000000001c8       0x20 ./Core/Startup/startup_stm32f103c6ux.o
 .debug_ranges  0x00000000000001e8       0xd0 ./Drivers/STM32F1xx_HAL_Driver/Src/stm32f1xx_hal.o
 .debug_ranges  0x00000000000002b8       0xf0 ./Drivers/STM32F1xx_HAL_Driver/Src/stm32f1xx_hal_cortex.o
 .debug_ranges  0x00000000000003a8       0x48 ./Drivers/STM32F1xx_HAL_Driver/Src/stm32f1xx_hal_gpio.o
 .debug_ranges  0x00000000000003f0       0x80 ./Drivers/STM32F1xx_HAL_Driver/Src/stm32f1xx_hal_rcc.o
 .debug_ranges  0x0000000000000470      0x3c0 ./Drivers/STM32F1xx_HAL_Driver/Src/stm32f1xx_hal_tim.o
 .debug_ranges  0x0000000000000830      0x158 ./Drivers/STM32F1xx_HAL_Driver/Src/stm32f1xx_hal_tim_ex.o

.debug_macro    0x0000000000000000    0x172f9
 .debug_macro   0x0000000000000000      0x209 ./Core/Src/button.o
 .debug_macro   0x0000000000000209      0xa9c ./Core/Src/button.o
 .debug_macro   0x0000000000000ca5      0x215 ./Core/Src/button.o
 .debug_macro   0x0000000000000eba       0x2e ./Core/Src/button.o
 .debug_macro   0x0000000000000ee8       0x22 ./Core/Src/button.o
 .debug_macro   0x0000000000000f0a       0x22 ./Core/Src/button.o
 .debug_macro   0x0000000000000f2c       0x8e ./Core/Src/button.o
 .debug_macro   0x0000000000000fba       0x51 ./Core/Src/button.o
 .debug_macro   0x000000000000100b      0x103 ./Core/Src/button.o
 .debug_macro   0x000000000000110e       0x6a ./Core/Src/button.o
 .debug_macro   0x0000000000001178      0x1df ./Core/Src/button.o
 .debug_macro   0x0000000000001357       0x1c ./Core/Src/button.o
 .debug_macro   0x0000000000001373       0x22 ./Core/Src/button.o
 .debug_macro   0x0000000000001395       0xc3 ./Core/Src/button.o
 .debug_macro   0x0000000000001458      0xd23 ./Core/Src/button.o
 .debug_macro   0x000000000000217b     0xde75 ./Core/Src/button.o
 .debug_macro   0x000000000000fff0       0x6d ./Core/Src/button.o
 .debug_macro   0x000000000001005d     0x34a2 ./Core/Src/button.o
 .debug_macro   0x00000000000134ff      0x174 ./Core/Src/button.o
 .debug_macro   0x0000000000013673       0x5c ./Core/Src/button.o
 .debug_macro   0x00000000000136cf      0x5bc ./Core/Src/button.o
 .debug_macro   0x0000000000013c8b      0x1b7 ./Core/Src/button.o
 .debug_macro   0x0000000000013e42      0x1cb ./Core/Src/button.o
 .debug_macro   0x000000000001400d      0x114 ./Core/Src/button.o
 .debug_macro   0x0000000000014121      0x1b2 ./Core/Src/button.o
 .debug_macro   0x00000000000142d3       0x27 ./Core/Src/button.o
 .debug_macro   0x00000000000142fa      0x12f ./Core/Src/button.o
 .debug_macro   0x0000000000014429      0x1bc ./Core/Src/button.o
 .debug_macro   0x00000000000145e5       0x34 ./Core/Src/button.o
 .debug_macro   0x0000000000014619       0x3c ./Core/Src/button.o
 .debug_macro   0x0000000000014655       0x57 ./Core/Src/button.o
 .debug_macro   0x00000000000146ac       0x87 ./Core/Src/button.o
 .debug_macro   0x0000000000014733      0x183 ./Core/Src/button.o
 .debug_macro   0x00000000000148b6      0x140 ./Core/Src/button.o
 .debug_macro   0x00000000000149f6      0x8ed ./Core/Src/button.o
 .debug_macro   0x00000000000152e3       0x69 ./Core/Src/button.o
 .debug_macro   0x000000000001534c       0x5e ./Core/Src/button.o
 .debug_macro   0x00000000000153aa       0x10 ./Core/Src/button.o
 .debug_macro   0x00000000000153ba      0x203 ./Core/Src/fsm_automatic.o
 .debug_macro   0x00000000000155bd       0x16 ./Core/Src/fsm_automatic.o
 .debug_macro   0x00000000000155d3      0x203 ./Core/Src/fsm_manual.o
 .debug_macro   0x00000000000157d6      0x203 ./Core/Src/fsm_setting.o
 .debug_macro   0x00000000000159d9      0x1ff ./Core/Src/global.o
 .debug_macro   0x0000000000015bd8      0x203 ./Core/Src/led7_segment.o
 .debug_macro   0x0000000000015ddb      0x203 ./Core/Src/main.o
 .debug_macro   0x0000000000015fde      0x209 ./Core/Src/software_timer.o
 .debug_macro   0x00000000000161e7      0x1a1 ./Core/Src/stm32f1xx_hal_msp.o
 .debug_macro   0x0000000000016388      0x1ab ./Core/Src/stm32f1xx_it.o
 .debug_macro   0x0000000000016533      0x197 ./Core/Src/system_stm32f1xx.o
 .debug_macro   0x00000000000166ca      0x203 ./Core/Src/traffic_light.o
 .debug_macro   0x00000000000168cd      0x1bb ./Drivers/STM32F1xx_HAL_Driver/Src/stm32f1xx_hal.o
 .debug_macro   0x0000000000016a88      0x197 ./Drivers/STM32F1xx_HAL_Driver/Src/stm32f1xx_hal_cortex.o
 .debug_macro   0x0000000000016c1f      0x202 ./Drivers/STM32F1xx_HAL_Driver/Src/stm32f1xx_hal_gpio.o
 .debug_macro   0x0000000000016e21      0x1a9 ./Drivers/STM32F1xx_HAL_Driver/Src/stm32f1xx_hal_rcc.o
 .debug_macro   0x0000000000016fca      0x198 ./Drivers/STM32F1xx_HAL_Driver/Src/stm32f1xx_hal_tim.o
 .debug_macro   0x0000000000017162      0x197 ./Drivers/STM32F1xx_HAL_Driver/Src/stm32f1xx_hal_tim_ex.o

.debug_line     0x0000000000000000     0xd0c4
 .debug_line    0x0000000000000000      0x77d ./Core/Src/button.o
 .debug_line    0x000000000000077d      0x899 ./Core/Src/fsm_automatic.o
 .debug_line    0x0000000000001016      0x784 ./Core/Src/fsm_manual.o
 .debug_line    0x000000000000179a      0x779 ./Core/Src/fsm_setting.o
 .debug_line    0x0000000000001f13      0x6c6 ./Core/Src/global.o
 .debug_line    0x00000000000025d9      0x837 ./Core/Src/led7_segment.o
 .debug_line    0x0000000000002e10      0x809 ./Core/Src/main.o
 .debug_line    0x0000000000003619      0x728 ./Core/Src/software_timer.o
 .debug_line    0x0000000000003d41      0x6a1 ./Core/Src/stm32f1xx_hal_msp.o
 .debug_line    0x00000000000043e2      0x73f ./Core/Src/stm32f1xx_it.o
 .debug_line    0x0000000000004b21      0x6e3 ./Core/Src/system_stm32f1xx.o
 .debug_line    0x0000000000005204      0x7fc ./Core/Src/traffic_light.o
 .debug_line    0x0000000000005a00       0x86 ./Core/Startup/startup_stm32f103c6ux.o
 .debug_line    0x0000000000005a86      0x910 ./Drivers/STM32F1xx_HAL_Driver/Src/stm32f1xx_hal.o
 .debug_line    0x0000000000006396      0xaf8 ./Drivers/STM32F1xx_HAL_Driver/Src/stm32f1xx_hal_cortex.o
 .debug_line    0x0000000000006e8e      0x993 ./Drivers/STM32F1xx_HAL_Driver/Src/stm32f1xx_hal_gpio.o
 .debug_line    0x0000000000007821      0xd1c ./Drivers/STM32F1xx_HAL_Driver/Src/stm32f1xx_hal_rcc.o
 .debug_line    0x000000000000853d     0x3361 ./Drivers/STM32F1xx_HAL_Driver/Src/stm32f1xx_hal_tim.o
 .debug_line    0x000000000000b89e     0x1826 ./Drivers/STM32F1xx_HAL_Driver/Src/stm32f1xx_hal_tim_ex.o

.debug_str      0x0000000000000000    0x822b3
 .debug_str     0x0000000000000000    0x7f75b ./Core/Src/button.o
                                      0x7fa98 (size before relaxing)
 .debug_str     0x000000000007f75b       0x4a ./Core/Src/fsm_automatic.o
                                      0x7fa3b (size before relaxing)
 .debug_str     0x000000000007f7a5       0x24 ./Core/Src/fsm_manual.o
                                      0x7fa15 (size before relaxing)
 .debug_str     0x000000000007f7c9       0x26 ./Core/Src/fsm_setting.o
                                      0x7fa17 (size before relaxing)
 .debug_str     0x000000000007f7ef       0x15 ./Core/Src/global.o
                                      0x7fa06 (size before relaxing)
 .debug_str     0x000000000007f804       0x77 ./Core/Src/led7_segment.o
                                      0x7fa93 (size before relaxing)
 .debug_str     0x000000000007f87b      0x6df ./Core/Src/main.o
                                      0x801c7 (size before relaxing)
 .debug_str     0x000000000007ff5a       0x2f ./Core/Src/software_timer.o
                                      0x7fa2e (size before relaxing)
 .debug_str     0x000000000007ff89      0x2ba ./Core/Src/stm32f1xx_hal_msp.o
                                      0x7ff0b (size before relaxing)
 .debug_str     0x0000000000080243       0xcd ./Core/Src/stm32f1xx_it.o
                                      0x7fc6d (size before relaxing)
 .debug_str     0x0000000000080310       0x52 ./Core/Src/system_stm32f1xx.o
                                      0x7f773 (size before relaxing)
 .debug_str     0x0000000000080362       0xdd ./Core/Src/traffic_light.o
                                      0x7fb15 (size before relaxing)
 .debug_str     0x000000000008043f       0x36 ./Core/Startup/startup_stm32f103c6ux.o
                                         0x67 (size before relaxing)
 .debug_str     0x0000000000080475      0x304 ./Drivers/STM32F1xx_HAL_Driver/Src/stm32f1xx_hal.o
                                      0x7fdca (size before relaxing)
 .debug_str     0x0000000000080779      0x300 ./Drivers/STM32F1xx_HAL_Driver/Src/stm32f1xx_hal_cortex.o
                                      0x7fdd2 (size before relaxing)
 .debug_str     0x0000000000080a79      0x31f ./Drivers/STM32F1xx_HAL_Driver/Src/stm32f1xx_hal_gpio.o
                                      0x7fb37 (size before relaxing)
 .debug_str     0x0000000000080d98      0x24f ./Drivers/STM32F1xx_HAL_Driver/Src/stm32f1xx_hal_rcc.o
                                      0x7fb70 (size before relaxing)
 .debug_str     0x0000000000080fe7      0xdde ./Drivers/STM32F1xx_HAL_Driver/Src/stm32f1xx_hal_tim.o
                                      0x80b59 (size before relaxing)
 .debug_str     0x0000000000081dc5      0x4ee ./Drivers/STM32F1xx_HAL_Driver/Src/stm32f1xx_hal_tim_ex.o
                                      0x802fa (size before relaxing)

.comment        0x0000000000000000       0x53
 .comment       0x0000000000000000       0x53 ./Core/Src/button.o
                                         0x54 (size before relaxing)
 .comment       0x0000000000000053       0x54 ./Core/Src/fsm_automatic.o
 .comment       0x0000000000000053       0x54 ./Core/Src/fsm_manual.o
 .comment       0x0000000000000053       0x54 ./Core/Src/fsm_setting.o
 .comment       0x0000000000000053       0x54 ./Core/Src/global.o
 .comment       0x0000000000000053       0x54 ./Core/Src/led7_segment.o
 .comment       0x0000000000000053       0x54 ./Core/Src/main.o
 .comment       0x0000000000000053       0x54 ./Core/Src/software_timer.o
 .comment       0x0000000000000053       0x54 ./Core/Src/stm32f1xx_hal_msp.o
 .comment       0x0000000000000053       0x54 ./Core/Src/stm32f1xx_it.o
 .comment       0x0000000000000053       0x54 ./Core/Src/system_stm32f1xx.o
 .comment       0x0000000000000053       0x54 ./Core/Src/traffic_light.o
 .comment       0x0000000000000053       0x54 ./Drivers/STM32F1xx_HAL_Driver/Src/stm32f1xx_hal.o
 .comment       0x0000000000000053       0x54 ./Drivers/STM32F1xx_HAL_Driver/Src/stm32f1xx_hal_cortex.o
 .comment       0x0000000000000053       0x54 ./Drivers/STM32F1xx_HAL_Driver/Src/stm32f1xx_hal_gpio.o
 .comment       0x0000000000000053       0x54 ./Drivers/STM32F1xx_HAL_Driver/Src/stm32f1xx_hal_rcc.o
 .comment       0x0000000000000053       0x54 ./Drivers/STM32F1xx_HAL_Driver/Src/stm32f1xx_hal_tim.o
 .comment       0x0000000000000053       0x54 ./Drivers/STM32F1xx_HAL_Driver/Src/stm32f1xx_hal_tim_ex.o

.debug_frame    0x0000000000000000     0x2944
 .debug_frame   0x0000000000000000       0x5c ./Core/Src/button.o
 .debug_frame   0x000000000000005c       0x64 ./Core/Src/fsm_automatic.o
 .debug_frame   0x00000000000000c0       0x2c ./Core/Src/fsm_manual.o
 .debug_frame   0x00000000000000ec       0x2c ./Core/Src/fsm_setting.o
 .debug_frame   0x0000000000000118       0xa8 ./Core/Src/led7_segment.o
 .debug_frame   0x00000000000001c0       0xd4 ./Core/Src/main.o
 .debug_frame   0x0000000000000294       0x60 ./Core/Src/software_timer.o
 .debug_frame   0x00000000000002f4       0x80 ./Core/Src/stm32f1xx_hal_msp.o
 .debug_frame   0x0000000000000374      0x120 ./Core/Src/stm32f1xx_it.o
 .debug_frame   0x0000000000000494       0x58 ./Core/Src/system_stm32f1xx.o
 .debug_frame   0x00000000000004ec      0x160 ./Core/Src/traffic_light.o
 .debug_frame   0x000000000000064c      0x334 ./Drivers/STM32F1xx_HAL_Driver/Src/stm32f1xx_hal.o
 .debug_frame   0x0000000000000980      0x428 ./Drivers/STM32F1xx_HAL_Driver/Src/stm32f1xx_hal_cortex.o
 .debug_frame   0x0000000000000da8      0x14c ./Drivers/STM32F1xx_HAL_Driver/Src/stm32f1xx_hal_gpio.o
 .debug_frame   0x0000000000000ef4      0x218 ./Drivers/STM32F1xx_HAL_Driver/Src/stm32f1xx_hal_rcc.o
 .debug_frame   0x000000000000110c     0x11b4 ./Drivers/STM32F1xx_HAL_Driver/Src/stm32f1xx_hal_tim.o
 .debug_frame   0x00000000000022c0      0x638 ./Drivers/STM32F1xx_HAL_Driver/Src/stm32f1xx_hal_tim_ex.o
 .debug_frame   0x00000000000028f8       0x2c e:/st/stm32cubeide_1.7.0/stm32cubeide/plugins/com.st.stm32cube.ide.mcu.externaltools.gnu-tools-for-stm32.9-2020-q2-update.win32_2.0.0.202105311346/tools/bin/../lib/gcc/arm-none-eabi/9.3.1/../../../../arm-none-eabi/lib/thumb/v7-m/nofp\libc_nano.a(lib_a-init.o)
 .debug_frame   0x0000000000002924       0x20 e:/st/stm32cubeide_1.7.0/stm32cubeide/plugins/com.st.stm32cube.ide.mcu.externaltools.gnu-tools-for-stm32.9-2020-q2-update.win32_2.0.0.202105311346/tools/bin/../lib/gcc/arm-none-eabi/9.3.1/../../../../arm-none-eabi/lib/thumb/v7-m/nofp\libc_nano.a(lib_a-memset.o)
